exports[`components/TestComponent.js does a snapshot 1`] = `
<div>
  Hello!
</div>
`;
